	MAP
	  # 
	  # Start of map file
	  #
	  NAME "mydb"
	  STATUS on
	  	  #EXTENT -180 -90 180 90
	  	  EXTENT -180 -90 180 90
	  SIZE 2000 1500
	  MAXSIZE 4096
	  #SYMBOLSET "../etc/symbols.sym"
	  FONTSET "../fonts/fonts.txt"
	  IMAGECOLOR 255 255 255
	  UNITS METERS
	  INTERLACE OFF
	  OUTPUTFORMAT
		  NAME "png"
		  DRIVER AGG/PNG
		  MIMETYPE "image/png"
		  IMAGEMODE RGBA
		  EXTENSION "png"
		  TRANSPARENT ON
		  FORMATOPTION "GAMMA=0.75"
	  END
	  #CONFIG "MS_ERRORFILE" "/srv/www/sites/betamygeocloud/wms/mapfiles/ms_error.txt"
	  #DEBUG 5
	  WEB
		IMAGEPATH "C:\Program Files\ms4w\Apache\htdocs\/tmp"
  		IMAGEURL "http://127.0.0.1/tmp"
		METADATA
		  "wms_title"    "mydb's awesome WMS"
		  "wms_srs"    "EPSG:900913 EPSG:4326"
		  "wms_name"    "mydb"
		  "wms_format"    "image/png"
		  "wms_onlineresource"	"http://127.0.0.1/wms/mydb/public/"
		  
		END
	  END
	  #
	  # Start of reference map
	  #
	  QUERYMAP
		COLOR 255 255 0
		STYLE normal
	  END
	  PROJECTION
		"init=epsg:900913" 
	  END
	  # 
	  # Start of legend
	  #
	  LEGEND
		STATUS off
		IMAGECOLOR 255 255 255
		KEYSIZE 18 12
		
		LABEL
		  WRAP "#"
		  TYPE truetype
		  FONT "arial"
		  SIZE 8
		  COLOR 0 0 0
		  #SHADOWSIZE 2 2 
		  #BACKGROUNDSHADOWSIZE 1 1 
		END
	  END
	  #
	  # Start of scalebar
	  #
	  SCALEBAR
		STATUS off
		COLOR 255 255 255
		OUTLINECOLOR 0 0 0
		BACKGROUNDCOLOR 0 0 0
		IMAGECOLOR 255 255 255
		UNITS METERS
		INTERVALS 3
		SIZE 150 5 
		LABEL
		  FONT "courierb"
		  SIZE SMALL
		  COLOR 0 0 0
		  SHADOWSIZE 2 2 
		  BACKGROUNDSHADOWSIZE 1 1 
		END
	  END
	  Symbol
    Name 'triangle'
    Type VECTOR
    Filled TRUE
    Points
     0 1
     .5 0
     1 1
     0 1
     END
    END
	SYMBOL
    NAME "circle"
    TYPE ellipse
    FILLED true
    POINTS
      1 1
    END
  END
  Symbol
  Name 'square'
  Type VECTOR
  Filled TRUE
  Points
  0 1
  0 0
  1 0
  1 1
  0 1
  END
 END
 Symbol
  Name 'star'
  Type VECTOR
  Filled TRUE
  Points
  0 .375
  .35 .375
  .5 0
  .65 .375
  1 .375
  .75 .625
  .875 1
  .5 .75
  .125 1
  .25 .625
  END
END
SYMBOL
    NAME "hatch1"
    TYPE VECTOR
    POINTS
       0 1 1 0
    END
  END
SYMBOL
    NAME "dashed1"
    TYPE ELLIPSE
  	FILLED TRUE
  	POINTS 1 1 END
  	STYLE 4 2 END
 END
 
# ============================================================================ 
# Vector Line Types
# ============================================================================ 

SYMBOL 
  NAME "continue"
  TYPE ELLIPSE
  FILLED TRUE
  POINTS 1 1 END
END

# --------------------

SYMBOL 
  NAME "dashed-line-short"
  TYPE ELLIPSE
  FILLED TRUE
  POINTS 1 1 END
  STYLE 5 5 END
END

# --------------------

SYMBOL 
  NAME "dashed-line-long"
  TYPE ELLIPSE
  FILLED TRUE
  POINTS 1 1 END
  STYLE 10 10 END
END

# --------------------

SYMBOL 
  NAME "dash-dot"
  TYPE ELLIPSE
  FILLED TRUE
  POINTS 1 1 END
  STYLE 20 6 2 6 END
END

# --------------------

SYMBOL 
  NAME "dash-dot-dot"
  TYPE ELLIPSE
  FILLED TRUE
  POINTS 1 1 END
  STYLE 10 6 2 6 2 6 END
END
 
# --------------------

SYMBOL 
  NAME "dot-dot"
  TYPE ELLIPSE
  FILLED TRUE
  POINTS 1 1 END
  STYLE 2 2 END
END

	  
	  #
	  # Start of layers
	  #
		  
	  LAYER
		NAME "public._407409668086573800_1352500063"
		STATUS off
		PROCESSING "CLOSE_CONNECTION=DEFER"
		 
			DATA "buffer from public._407409668086573800_1352500063  using unique gid using srid=0"
						TYPE LINE
		CONNECTIONTYPE POSTGIS
		CONNECTION "user=postgres dbname=mydb host=127.0.0.1 password=1234 options='-c client_encoding=UTF8'"
				 
		#CLASSITEM
		
		#LABELITEM
				
		#LABELMAXSCALEDENOM
				
		#LABELMINSCALEDENOM
				
		#OPACITY
		
		
		#LABELMAXSCALE
		METADATA
		  "wms_title"    "dfddfd"
		  "wms_srs"    "EPSG:0"
		  "wms_name"    "_407409668086573800_1352500063"
		  "wms_abstract"    ""
		  "wms_format"    "image/png"
                  "appformap_group"  "Default group"
		  "appformap_queryable"    "true"
      		  "appformap_loader"    "true"
			  		END
		PROJECTION
		  "init=epsg:0" 
		END
			  END #Layer
		  
	  LAYER
		NAME "public.pop"
		STATUS off
		PROCESSING "CLOSE_CONNECTION=DEFER"
		 
			DATA "the_geom from public.pop  using unique gid using srid=900913"
						TYPE POINT
		CONNECTIONTYPE POSTGIS
		CONNECTION "user=postgres dbname=mydb host=127.0.0.1 password=1234 options='-c client_encoding=UTF8'"
				 
		#CLASSITEM
		
		#LABELITEM
				
		#LABELMAXSCALEDENOM
				
		#LABELMINSCALEDENOM
				
		#OPACITY
		
		
		#LABELMAXSCALE
		METADATA
		  "wms_title"    "Populationdsd"
		  "wms_srs"    "EPSG:900913"
		  "wms_name"    "pop"
		  "wms_abstract"    ""
		  "wms_format"    "image/png"
                  "appformap_group"  "Default group"
		  "appformap_queryable"    "true"
      		  "appformap_loader"    "true"
			  		END
		PROJECTION
		  "init=epsg:900913" 
		END
				CLASS
		  #NAME
		  NAME 'New style'
		  
		  #EXPRESSION
		  		  
		  STYLE
			  #SYMBOL
			  			  
			  #WIDTH
			  				
			  #COLOR
			  			  
			  #OUTLINECOLOR
			  			  
			  #SIZE
			  			  
		  END # style
		  
		  STYLE
			  #SYMBOL
			  			  
			  #WIDTH
			  				
			  #COLOR
			  			  
			  #OUTLINECOLOR
			  			  
			  #SIZE
			  			  
		  END # style
		  
		  #TEMPLATE "ttt"
		  
		  #LABEL
		  		END # Class
			  END #Layer
		  
	  LAYER
		NAME "public._735961914031828000_1352407893"
		STATUS off
		PROCESSING "CLOSE_CONNECTION=DEFER"
					DATA "jjj"
						TYPE LINE
		CONNECTIONTYPE POSTGIS
		CONNECTION "user=postgres dbname=mydb host=127.0.0.1 password=1234 options='-c client_encoding=UTF8'"
				 
		#CLASSITEM
		
		#LABELITEM
				
		#LABELMAXSCALEDENOM
				
		#LABELMINSCALEDENOM
				
		#OPACITY
		
		
		#LABELMAXSCALE
		METADATA
		  "wms_title"    "ds"
		  "wms_srs"    "EPSG:0"
		  "wms_name"    "_735961914031828000_1352407893"
		  "wms_abstract"    ""
		  "wms_format"    "image/png"
                  "appformap_group"  "Default group"
		  "appformap_queryable"    "true"
      		  "appformap_loader"    "true"
			  		END
		PROJECTION
		  "init=epsg:0" 
		END
				CLASS
		  #NAME
		  NAME 'New style'
		  
		  #EXPRESSION
		  		  
		  STYLE
			  #SYMBOL
			  			  
			  #WIDTH
			  				
			  #COLOR
			  			  
			  #OUTLINECOLOR
			  			  
			  #SIZE
			  			  
		  END # style
		  
		  STYLE
			  #SYMBOL
			  			  
			  #WIDTH
			  				
			  #COLOR
			  			  
			  #OUTLINECOLOR
			  			  
			  #SIZE
			  			  
		  END # style
		  
		  #TEMPLATE "ttt"
		  
		  #LABEL
		  		END # Class
				CLASS
		  #NAME
		  NAME 'New style'
		  
		  #EXPRESSION
		  		  
		  STYLE
			  #SYMBOL
			  			  
			  #WIDTH
			  				
			  #COLOR
			  			  
			  #OUTLINECOLOR
			  			  
			  #SIZE
			  			  
		  END # style
		  
		  STYLE
			  #SYMBOL
			  			  
			  #WIDTH
			  				
			  #COLOR
			  			  
			  #OUTLINECOLOR
			  			  
			  #SIZE
			  			  
		  END # style
		  
		  #TEMPLATE "ttt"
		  
		  #LABEL
		  		END # Class
				CLASS
		  #NAME
		  NAME 'New style'
		  
		  #EXPRESSION
		  		  
		  STYLE
			  #SYMBOL
			  			  
			  #WIDTH
			  				
			  #COLOR
			  			  
			  #OUTLINECOLOR
			  			  
			  #SIZE
			  			  
		  END # style
		  
		  STYLE
			  #SYMBOL
			  			  
			  #WIDTH
			  				
			  #COLOR
			  			  
			  #OUTLINECOLOR
			  			  
			  #SIZE
			  			  
		  END # style
		  
		  #TEMPLATE "ttt"
		  
		  #LABEL
		  		END # Class
			  END #Layer
		  
	  LAYER
		NAME "public.martin"
		STATUS off
		PROCESSING "CLOSE_CONNECTION=DEFER"
		 
			DATA "the_geom from public.martin  using unique gid using srid=4326"
						TYPE POINT
		CONNECTIONTYPE POSTGIS
		CONNECTION "user=postgres dbname=mydb host=127.0.0.1 password=1234 options='-c client_encoding=UTF8'"
				 
		#CLASSITEM
		
		#LABELITEM
				
		#LABELMAXSCALEDENOM
				
		#LABELMINSCALEDENOM
				
		#OPACITY
		
		
		#LABELMAXSCALE
		METADATA
		  "wms_title"    "martin"
		  "wms_srs"    "EPSG:4326"
		  "wms_name"    "martin"
		  "wms_abstract"    ""
		  "wms_format"    "image/png"
                  "appformap_group"  "Default group"
		  "appformap_queryable"    "true"
      		  "appformap_loader"    "true"
			  		END
		PROJECTION
		  "init=epsg:4326" 
		END
				CLASS
		  #NAME
		  NAME 'New style'
		  
		  #EXPRESSION
		  		  
		  STYLE
			  #SYMBOL
			  SYMBOL 'square'
			  
			  #WIDTH
			  WIDTH 1
				
			  #COLOR
			  COLOR 255 0 0
			  
			  #OUTLINECOLOR
			  OUTLINECOLOR 255 0 0
			  
			  #SIZE
			  SIZE 20
			  
		  END # style
		  
		  STYLE
			  #SYMBOL
			  			  
			  #WIDTH
			  				
			  #COLOR
			  			  
			  #OUTLINECOLOR
			  			  
			  #SIZE
			  			  
		  END # style
		  
		  #TEMPLATE "ttt"
		  
		  #LABEL
		  		END # Class
			  END #Layer
		  
	  LAYER
		NAME "public.publicquksigx020"
		STATUS off
		PROCESSING "CLOSE_CONNECTION=DEFER"
		 
			DATA "the_geom from public.publicquksigx020  using unique gid using srid=4326"
						TYPE POINT
		CONNECTIONTYPE POSTGIS
		CONNECTION "user=postgres dbname=mydb host=127.0.0.1 password=1234 options='-c client_encoding=UTF8'"
				 
		#CLASSITEM
		
		#LABELITEM
				
		#LABELMAXSCALEDENOM
				
		#LABELMINSCALEDENOM
				
		#OPACITY
		
		
		#LABELMAXSCALE
		METADATA
		  "wms_title"    "publicquksigx020"
		  "wms_srs"    "EPSG:4326"
		  "wms_name"    "publicquksigx020"
		  "wms_abstract"    "sdsd"
		  "wms_format"    "image/png"
                  "appformap_group"  "Default group"
		  "appformap_queryable"    "true"
      		  "appformap_loader"    "true"
			  		END
		PROJECTION
		  "init=epsg:4326" 
		END
				CLASS
		  #NAME
		  NAME 'New style'
		  
		  #EXPRESSION
		  		  
		  STYLE
			  #SYMBOL
			  			  
			  #WIDTH
			  				
			  #COLOR
			  			  
			  #OUTLINECOLOR
			  			  
			  #SIZE
			  			  
		  END # style
		  
		  STYLE
			  #SYMBOL
			  			  
			  #WIDTH
			  				
			  #COLOR
			  			  
			  #OUTLINECOLOR
			  			  
			  #SIZE
			  			  
		  END # style
		  
		  #TEMPLATE "ttt"
		  
		  #LABEL
		  		END # Class
				CLASS
		  #NAME
		  NAME 'New style'
		  
		  #EXPRESSION
		  		  
		  STYLE
			  #SYMBOL
			  			  
			  #WIDTH
			  				
			  #COLOR
			  			  
			  #OUTLINECOLOR
			  			  
			  #SIZE
			  			  
		  END # style
		  
		  STYLE
			  #SYMBOL
			  			  
			  #WIDTH
			  				
			  #COLOR
			  			  
			  #OUTLINECOLOR
			  			  
			  #SIZE
			  			  
		  END # style
		  
		  #TEMPLATE "ttt"
		  
		  #LABEL
		  		END # Class
				CLASS
		  #NAME
		  NAME 'New style'
		  
		  #EXPRESSION
		  		  
		  STYLE
			  #SYMBOL
			  			  
			  #WIDTH
			  				
			  #COLOR
			  			  
			  #OUTLINECOLOR
			  			  
			  #SIZE
			  			  
		  END # style
		  
		  STYLE
			  #SYMBOL
			  			  
			  #WIDTH
			  				
			  #COLOR
			  			  
			  #OUTLINECOLOR
			  			  
			  #SIZE
			  			  
		  END # style
		  
		  #TEMPLATE "ttt"
		  
		  #LABEL
		  		END # Class
				CLASS
		  #NAME
		  NAME 'New style'
		  
		  #EXPRESSION
		  		  
		  STYLE
			  #SYMBOL
			  			  
			  #WIDTH
			  				
			  #COLOR
			  			  
			  #OUTLINECOLOR
			  			  
			  #SIZE
			  			  
		  END # style
		  
		  STYLE
			  #SYMBOL
			  			  
			  #WIDTH
			  				
			  #COLOR
			  			  
			  #OUTLINECOLOR
			  			  
			  #SIZE
			  			  
		  END # style
		  
		  #TEMPLATE "ttt"
		  
		  #LABEL
		  		END # Class
				CLASS
		  #NAME
		  NAME 'New style'
		  
		  #EXPRESSION
		  		  
		  STYLE
			  #SYMBOL
			  			  
			  #WIDTH
			  				
			  #COLOR
			  			  
			  #OUTLINECOLOR
			  			  
			  #SIZE
			  			  
		  END # style
		  
		  STYLE
			  #SYMBOL
			  			  
			  #WIDTH
			  				
			  #COLOR
			  			  
			  #OUTLINECOLOR
			  			  
			  #SIZE
			  			  
		  END # style
		  
		  #TEMPLATE "ttt"
		  
		  #LABEL
		  		END # Class
				CLASS
		  #NAME
		  NAME 'New style'
		  
		  #EXPRESSION
		  		  
		  STYLE
			  #SYMBOL
			  			  
			  #WIDTH
			  				
			  #COLOR
			  			  
			  #OUTLINECOLOR
			  			  
			  #SIZE
			  			  
		  END # style
		  
		  STYLE
			  #SYMBOL
			  			  
			  #WIDTH
			  				
			  #COLOR
			  			  
			  #OUTLINECOLOR
			  			  
			  #SIZE
			  			  
		  END # style
		  
		  #TEMPLATE "ttt"
		  
		  #LABEL
		  		END # Class
				CLASS
		  #NAME
		  NAME 'New style'
		  
		  #EXPRESSION
		  		  
		  STYLE
			  #SYMBOL
			  			  
			  #WIDTH
			  				
			  #COLOR
			  			  
			  #OUTLINECOLOR
			  			  
			  #SIZE
			  			  
		  END # style
		  
		  STYLE
			  #SYMBOL
			  			  
			  #WIDTH
			  				
			  #COLOR
			  			  
			  #OUTLINECOLOR
			  			  
			  #SIZE
			  			  
		  END # style
		  
		  #TEMPLATE "ttt"
		  
		  #LABEL
		  		END # Class
				CLASS
		  #NAME
		  NAME 'New style'
		  
		  #EXPRESSION
		  		  
		  STYLE
			  #SYMBOL
			  			  
			  #WIDTH
			  				
			  #COLOR
			  			  
			  #OUTLINECOLOR
			  			  
			  #SIZE
			  			  
		  END # style
		  
		  STYLE
			  #SYMBOL
			  			  
			  #WIDTH
			  				
			  #COLOR
			  			  
			  #OUTLINECOLOR
			  			  
			  #SIZE
			  			  
		  END # style
		  
		  #TEMPLATE "ttt"
		  
		  #LABEL
		  		END # Class
				CLASS
		  #NAME
		  NAME 'New style'
		  
		  #EXPRESSION
		  		  
		  STYLE
			  #SYMBOL
			  			  
			  #WIDTH
			  				
			  #COLOR
			  			  
			  #OUTLINECOLOR
			  			  
			  #SIZE
			  			  
		  END # style
		  
		  STYLE
			  #SYMBOL
			  			  
			  #WIDTH
			  				
			  #COLOR
			  			  
			  #OUTLINECOLOR
			  			  
			  #SIZE
			  			  
		  END # style
		  
		  #TEMPLATE "ttt"
		  
		  #LABEL
		  		END # Class
				CLASS
		  #NAME
		  NAME 'New style'
		  
		  #EXPRESSION
		  		  
		  STYLE
			  #SYMBOL
			  			  
			  #WIDTH
			  				
			  #COLOR
			  			  
			  #OUTLINECOLOR
			  			  
			  #SIZE
			  			  
		  END # style
		  
		  STYLE
			  #SYMBOL
			  			  
			  #WIDTH
			  				
			  #COLOR
			  			  
			  #OUTLINECOLOR
			  			  
			  #SIZE
			  			  
		  END # style
		  
		  #TEMPLATE "ttt"
		  
		  #LABEL
		  		END # Class
			  END #Layer
		  
	  LAYER
		NAME "public._398620606067885100_1352500063"
		STATUS off
		PROCESSING "CLOSE_CONNECTION=DEFER"
		 
			DATA "the_geom from public._398620606067885100_1352500063  using unique gid using srid=4326"
						TYPE POINT
		CONNECTIONTYPE POSTGIS
		CONNECTION "user=postgres dbname=mydb host=127.0.0.1 password=1234 options='-c client_encoding=UTF8'"
				 
		#CLASSITEM
		
		#LABELITEM
				
		#LABELMAXSCALEDENOM
				
		#LABELMINSCALEDENOM
				
		#OPACITY
		
		
		#LABELMAXSCALE
		METADATA
		  "wms_title"    "_398620606067885100_1352500063"
		  "wms_srs"    "EPSG:4326"
		  "wms_name"    "_398620606067885100_1352500063"
		  "wms_abstract"    ""
		  "wms_format"    "image/png"
                  "appformap_group"  "Default group"
		  "appformap_queryable"    "true"
      		  "appformap_loader"    "true"
			  		END
		PROJECTION
		  "init=epsg:4326" 
		END
			  END #Layer
		  
	  LAYER
		NAME "public.publicnuclear_facilities_update"
		STATUS off
		PROCESSING "CLOSE_CONNECTION=DEFER"
		 
			DATA "the_geom from public.publicnuclear_facilities_update  using unique gid using srid=4326"
						TYPE POINT
		CONNECTIONTYPE POSTGIS
		CONNECTION "user=postgres dbname=mydb host=127.0.0.1 password=1234 options='-c client_encoding=UTF8'"
				 
		#CLASSITEM
		
		#LABELITEM
				
		#LABELMAXSCALEDENOM
				
		#LABELMINSCALEDENOM
				
		#OPACITY
		
		
		#LABELMAXSCALE
		METADATA
		  "wms_title"    "publicnuclear_facilities_update"
		  "wms_srs"    "EPSG:4326"
		  "wms_name"    "publicnuclear_facilities_update"
		  "wms_abstract"    ""
		  "wms_format"    "image/png"
                  "appformap_group"  "Default group"
		  "appformap_queryable"    "true"
      		  "appformap_loader"    "true"
			  		END
		PROJECTION
		  "init=epsg:4326" 
		END
			  END #Layer
		  
	  LAYER
		NAME "public.new"
		STATUS off
		PROCESSING "CLOSE_CONNECTION=DEFER"
		 
			DATA "the_geom from public.new  using unique gid using srid=4326"
						TYPE POLYGON
		CONNECTIONTYPE POSTGIS
		CONNECTION "user=postgres dbname=mydb host=127.0.0.1 password=1234 options='-c client_encoding=UTF8'"
				 
		#CLASSITEM
		
		#LABELITEM
				
		#LABELMAXSCALEDENOM
				
		#LABELMINSCALEDENOM
				
		#OPACITY
		
		
		#LABELMAXSCALE
		METADATA
		  "wms_title"    "new"
		  "wms_srs"    "EPSG:4326"
		  "wms_name"    "new"
		  "wms_abstract"    ""
		  "wms_format"    "image/png"
                  "appformap_group"  "Default group"
		  "appformap_queryable"    "true"
      		  "appformap_loader"    "true"
			  		END
		PROJECTION
		  "init=epsg:4326" 
		END
			  END #Layer
		END #MapFile
